// Jest Snapshot v1, https://goo.gl/fbAQLP

exports[`Board should render the component 1`] = `
<DocumentFragment>
  <div
    class="board"
  >
    <div
      class="header"
    >
      Step: 
      <strong>
        4
      </strong>
    </div>
    <div
      class="tiles"
      style="width: 320px; height: 320px;"
    >
      <div
        class="tile"
        style="background: rgb(51, 51, 51); width: calc(100% / 6 - 4px); height: calc(100% / 6 - 4px);"
      />
      <div
        class="tile"
        style="background: rgb(51, 51, 51); width: calc(100% / 6 - 4px); height: calc(100% / 6 - 4px);"
      />
      <div
        class="tile"
        style="background: rgb(51, 51, 51); width: calc(100% / 6 - 4px); height: calc(100% / 6 - 4px);"
      />
      <div
        class="tile"
        style="background: rgb(51, 51, 51); width: calc(100% / 6 - 4px); height: calc(100% / 6 - 4px);"
      />
      <div
        class="tile"
        style="background: rgb(51, 51, 51); width: calc(100% / 6 - 4px); height: calc(100% / 6 - 4px);"
      />
      <div
        class="tile"
        style="background: rgb(51, 51, 51); width: calc(100% / 6 - 4px); height: calc(100% / 6 - 4px);"
      />
      <div
        class="tile"
        style="background: rgb(51, 51, 51); width: calc(100% / 6 - 4px); height: calc(100% / 6 - 4px);"
      />
      <div
        class="tile different"
        style="background: rgb(112, 112, 112); width: calc(100% / 6 - 4px); height: calc(100% / 6 - 4px);"
      />
      <div
        class="tile"
        style="background: rgb(51, 51, 51); width: calc(100% / 6 - 4px); height: calc(100% / 6 - 4px);"
      />
      <div
        class="tile"
        style="background: rgb(51, 51, 51); width: calc(100% / 6 - 4px); height: calc(100% / 6 - 4px);"
      />
      <div
        class="tile"
        style="background: rgb(51, 51, 51); width: calc(100% / 6 - 4px); height: calc(100% / 6 - 4px);"
      />
      <div
        class="tile"
        style="background: rgb(51, 51, 51); width: calc(100% / 6 - 4px); height: calc(100% / 6 - 4px);"
      />
      <div
        class="tile"
        style="background: rgb(51, 51, 51); width: calc(100% / 6 - 4px); height: calc(100% / 6 - 4px);"
      />
      <div
        class="tile"
        style="background: rgb(51, 51, 51); width: calc(100% / 6 - 4px); height: calc(100% / 6 - 4px);"
      />
      <div
        class="tile"
        style="background: rgb(51, 51, 51); width: calc(100% / 6 - 4px); height: calc(100% / 6 - 4px);"
      />
      <div
        class="tile"
        style="background: rgb(51, 51, 51); width: calc(100% / 6 - 4px); height: calc(100% / 6 - 4px);"
      />
      <div
        class="tile"
        style="background: rgb(51, 51, 51); width: calc(100% / 6 - 4px); height: calc(100% / 6 - 4px);"
      />
      <div
        class="tile"
        style="background: rgb(51, 51, 51); width: calc(100% / 6 - 4px); height: calc(100% / 6 - 4px);"
      />
      <div
        class="tile"
        style="background: rgb(51, 51, 51); width: calc(100% / 6 - 4px); height: calc(100% / 6 - 4px);"
      />
      <div
        class="tile"
        style="background: rgb(51, 51, 51); width: calc(100% / 6 - 4px); height: calc(100% / 6 - 4px);"
      />
      <div
        class="tile"
        style="background: rgb(51, 51, 51); width: calc(100% / 6 - 4px); height: calc(100% / 6 - 4px);"
      />
      <div
        class="tile"
        style="background: rgb(51, 51, 51); width: calc(100% / 6 - 4px); height: calc(100% / 6 - 4px);"
      />
      <div
        class="tile"
        style="background: rgb(51, 51, 51); width: calc(100% / 6 - 4px); height: calc(100% / 6 - 4px);"
      />
      <div
        class="tile"
        style="background: rgb(51, 51, 51); width: calc(100% / 6 - 4px); height: calc(100% / 6 - 4px);"
      />
      <div
        class="tile"
        style="background: rgb(51, 51, 51); width: calc(100% / 6 - 4px); height: calc(100% / 6 - 4px);"
      />
      <div
        class="tile"
        style="background: rgb(51, 51, 51); width: calc(100% / 6 - 4px); height: calc(100% / 6 - 4px);"
      />
      <div
        class="tile"
        style="background: rgb(51, 51, 51); width: calc(100% / 6 - 4px); height: calc(100% / 6 - 4px);"
      />
      <div
        class="tile"
        style="background: rgb(51, 51, 51); width: calc(100% / 6 - 4px); height: calc(100% / 6 - 4px);"
      />
      <div
        class="tile"
        style="background: rgb(51, 51, 51); width: calc(100% / 6 - 4px); height: calc(100% / 6 - 4px);"
      />
      <div
        class="tile"
        style="background: rgb(51, 51, 51); width: calc(100% / 6 - 4px); height: calc(100% / 6 - 4px);"
      />
      <div
        class="tile"
        style="background: rgb(51, 51, 51); width: calc(100% / 6 - 4px); height: calc(100% / 6 - 4px);"
      />
      <div
        class="tile"
        style="background: rgb(51, 51, 51); width: calc(100% / 6 - 4px); height: calc(100% / 6 - 4px);"
      />
      <div
        class="tile"
        style="background: rgb(51, 51, 51); width: calc(100% / 6 - 4px); height: calc(100% / 6 - 4px);"
      />
      <div
        class="tile"
        style="background: rgb(51, 51, 51); width: calc(100% / 6 - 4px); height: calc(100% / 6 - 4px);"
      />
      <div
        class="tile"
        style="background: rgb(51, 51, 51); width: calc(100% / 6 - 4px); height: calc(100% / 6 - 4px);"
      />
      <div
        class="tile"
        style="background: rgb(51, 51, 51); width: calc(100% / 6 - 4px); height: calc(100% / 6 - 4px);"
      />
    </div>
  </div>
</DocumentFragment>
`;
